******************************************************************************
            TI ARM Clang Linker PC v4.0.0                      
******************************************************************************
>> Linked Thu Feb 20 17:30:22 2025

OUTPUT FILE NAME:   <empty_LP_MSPM0G3507_nortos_ticlang.out>
ENTRY POINT SYMBOL: "_c_int00_noargs"  address: 000015d1


MEMORY CONFIGURATION

         name            origin    length      used     unused   attr    fill
----------------------  --------  ---------  --------  --------  ----  --------
  FLASH                 00000000   00020000  000016b8  0001e948  R  X
  SRAM                  20200000   00008000  00000703  000078fd  RW X
  BCR_CONFIG            41c00000   00000080  00000000  00000080  R   
  BSL_CONFIG            41c00100   00000080  00000000  00000080  R   


SEGMENT ALLOCATION MAP

run origin  load origin   length   init length attrs members
----------  ----------- ---------- ----------- ----- -------
00000000    00000000    000016b8   000016b8    r-x
  00000000    00000000    000000c0   000000c0    r-- .intvecs
  000000c0    000000c0    000015b8   000015b8    r-x .text
  00001678    00001678    00000010   00000010    r-- .rodata
  00001688    00001688    00000030   00000030    r-- .cinit
20200000    20200000    00000503   00000000    rw-
  20200000    20200000    00000480   00000000    rw- .bss
  20200480    20200480    00000083   00000000    rw- .data
20207e00    20207e00    00000200   00000000    rw-
  20207e00    20207e00    00000200   00000000    rw- .stack


SECTION ALLOCATION MAP

 output                                  attributes/
section   page    origin      length       input sections
--------  ----  ----------  ----------   ----------------
.intvecs   0    00000000    000000c0     
                  00000000    000000c0     startup_mspm0g350x_ticlang.o (.intvecs)

.text      0    000000c0    000015b8     
                  000000c0    00000a90     oled.o (.text.OLED_Clear)
                  00000b50    00000398     oled.o (.text.OLED_WR_Byte)
                  00000ee8    0000034c     oled.o (.text.OLED_Refresh)
                  00001234    0000009a     libc.a : memcpy16.S.obj (.text:memcpy)
                  000012ce    00000002     startup_mspm0g350x_ticlang.o (.text.Default_Handler)
                  000012d0    0000007c     libc.a : copy_decompress_lzss.c.obj (.text:decompress:lzss)
                  0000134c    00000062            : memset16.S.obj (.text:memset)
                  000013ae    00000002     --HOLE-- [fill = 0]
                  000013b0    00000060     ti_msp_dl_config.o (.text.SYSCFG_DL_UART_0_init)
                  00001410    0000005c     board.o (.text.UART0_IRQHandler)
                  0000146c    00000048     driverlib.a : dl_uart.o (.text.DL_UART_init)
                  000014b4    00000040     ti_msp_dl_config.o (.text.SYSCFG_DL_SYSCTL_init)
                  000014f4    0000003c     board.o (.text.delay_us)
                  00001530    0000003c     libc.a : autoinit.c.obj (.text:__TI_auto_init_nobinit_nopinit)
                  0000156c    00000034     ti_msp_dl_config.o (.text.SYSCFG_DL_initPower)
                  000015a0    00000030     ti_msp_dl_config.o (.text.SYSCFG_DL_GPIO_init)
                  000015d0    00000028     libc.a : boot_cortex_m.c.obj (.text:_c_int00_noargs)
                  000015f8    00000014     ti_msp_dl_config.o (.text.SYSCFG_DL_init)
                  0000160c    00000012     driverlib.a : dl_uart.o (.text.DL_UART_setClockConfig)
                  0000161e    00000012     libc.a : copy_decompress_none.c.obj (.text:decompress:none)
                  00001630    00000010            : copy_zero_init.c.obj (.text:decompress:ZI)
                  00001640    0000000c     libclang_rt.builtins.a : aeabi_memset.S.obj (.text.__aeabi_memclr)
                  0000164c    0000000a     driverlib.a : dl_common.o (.text.DL_Common_delayCycles)
                  00001656    0000000a     empty.o (.text.main)
                  00001660    00000008     libclang_rt.builtins.a : aeabi_memcpy.S.obj (.text.__aeabi_memcpy)
                  00001668    00000004     startup_mspm0g350x_ticlang.o (.text.Reset_Handler)
                  0000166c    00000004     libc.a : pre_init.c.obj (.text._system_pre_init)
                  00001670    00000004            : exit.c.obj (.text:abort)
                  00001674    00000004     --HOLE-- [fill = 0]

.cinit     0    00001688    00000030     
                  00001688    0000000c     (__TI_handler_table)
                  00001694    00000008     (.cinit..bss.load) [load image, compression = zero_init]
                  0000169c    00000008     (.cinit..data.load) [load image, compression = lzss]
                  000016a4    00000010     (__TI_cinit_table)
                  000016b4    00000004     --HOLE-- [fill = 0]

.rodata    0    00001678    00000010     
                  00001678    0000000a     ti_msp_dl_config.o (.rodata.gUART_0Config)
                  00001682    00000002     ti_msp_dl_config.o (.rodata.gUART_0ClockConfig)
                  00001684    00000004     --HOLE-- [fill = 0]

.init_array 
*          0    00000000    00000000     UNINITIALIZED

.binit     0    00000000    00000000     

.bss       0    20200000    00000480     UNINITIALIZED
                  20200000    00000480     (.common:OLED_GRAM)

.data      0    20200480    00000083     UNINITIALIZED
                  20200480    00000080     board.o (.data.recv0_buff)
                  20200500    00000002     board.o (.data.recv0_length)
                  20200502    00000001     board.o (.data.recv0_flag)

.stack     0    20207e00    00000200     UNINITIALIZED
                  20207e00    00000004     libc.a : boot_cortex_m.c.obj (.stack)
                  20207e04    000001fc     --HOLE--

__llvm_prf_cnts 
*          0    20200000    00000000     UNINITIALIZED

__llvm_prf_bits 
*          0    20200000    00000000     UNINITIALIZED

MODULE SUMMARY

       Module                         code   ro data   rw data
       ------                         ----   -------   -------
    .\
       ti_msp_dl_config.o             280    12        0      
       board.o                        152    0         131    
       startup_mspm0g350x_ticlang.o   6      192       0      
       empty.o                        10     0         0      
    +--+------------------------------+------+---------+---------+
       Total:                         448    204       131    
                                                              
    .\Hardware\oled\
       oled.o                         4468   0         1152   
    +--+------------------------------+------+---------+---------+
       Total:                         4468   0         1152   
                                                              
    D:/TI/CCS/mspm0_sdk_2_03_00_07/source/ti/driverlib/lib/ticlang/m0p/mspm0g1x0x_g3x0x/driverlib.a
       dl_uart.o                      90     0         0      
       dl_common.o                    10     0         0      
    +--+------------------------------+------+---------+---------+
       Total:                         100    0         0      
                                                              
    D:\TI\CCS\ccs\tools\compiler\ti-cgt-armllvm_4.0.0.LTS\lib\armv6m-ti-none-eabi/c/libc.a
       memcpy16.S.obj                 154    0         0      
       copy_decompress_lzss.c.obj     124    0         0      
       memset16.S.obj                 98     0         0      
       autoinit.c.obj                 60     0         0      
       boot_cortex_m.c.obj            40     0         0      
       copy_decompress_none.c.obj     18     0         0      
       copy_zero_init.c.obj           16     0         0      
       exit.c.obj                     4      0         0      
       pre_init.c.obj                 4      0         0      
    +--+------------------------------+------+---------+---------+
       Total:                         518    0         0      
                                                              
    D:\TI\CCS\ccs\tools\compiler\ti-cgt-armllvm_4.0.0.LTS\lib\armv6m-ti-none-eabi/libclang_rt.builtins.a
       aeabi_memset.S.obj             12     0         0      
       aeabi_memcpy.S.obj             8      0         0      
    +--+------------------------------+------+---------+---------+
       Total:                         20     0         0      
                                                              
       Stack:                         0      0         512    
       Linker Generated:              0      44        0      
    +--+------------------------------+------+---------+---------+
       Grand Total:                   5554   248       1795   


LINKER GENERATED COPY TABLES

__TI_cinit_table @ 000016a4 records: 2, size/record: 8, table size: 16
	.bss: load addr=00001694, load size=00000008 bytes, run addr=20200000, run size=00000480 bytes, compression=zero_init
	.data: load addr=0000169c, load size=00000008 bytes, run addr=20200480, run size=00000083 bytes, compression=lzss


LINKER GENERATED HANDLER TABLE

__TI_handler_table @ 00001688 records: 3, size/record: 4, table size: 12
	index: 0, handler: __TI_decompress_lzss
	index: 1, handler: __TI_decompress_none
	index: 2, handler: __TI_zero_init


GLOBAL SYMBOLS: SORTED ALPHABETICALLY BY Name 

address   name                          
-------   ----                          
000012cf  ADC0_IRQHandler               
000012cf  ADC1_IRQHandler               
000012cf  AES_IRQHandler                
00001670  C$$EXIT                       
000012cf  CANFD0_IRQHandler             
000012cf  DAC0_IRQHandler               
0000164d  DL_Common_delayCycles         
0000146d  DL_UART_init                  
0000160d  DL_UART_setClockConfig        
000012cf  DMA_IRQHandler                
000012cf  Default_Handler               
000012cf  GROUP0_IRQHandler             
000012cf  GROUP1_IRQHandler             
000012cf  HardFault_Handler             
000012cf  I2C0_IRQHandler               
000012cf  I2C1_IRQHandler               
000012cf  NMI_Handler                   
000000c1  OLED_Clear                    
20200000  OLED_GRAM                     
00000ee9  OLED_Refresh                  
00000b51  OLED_WR_Byte                  
000012cf  PendSV_Handler                
000012cf  RTC_IRQHandler                
00001669  Reset_Handler                 
000012cf  SPI0_IRQHandler               
000012cf  SPI1_IRQHandler               
000012cf  SVC_Handler                   
000015a1  SYSCFG_DL_GPIO_init           
000014b5  SYSCFG_DL_SYSCTL_init         
000013b1  SYSCFG_DL_UART_0_init         
000015f9  SYSCFG_DL_init                
0000156d  SYSCFG_DL_initPower           
000012cf  SysTick_Handler               
000012cf  TIMA0_IRQHandler              
000012cf  TIMA1_IRQHandler              
000012cf  TIMG0_IRQHandler              
000012cf  TIMG12_IRQHandler             
000012cf  TIMG6_IRQHandler              
000012cf  TIMG7_IRQHandler              
000012cf  TIMG8_IRQHandler              
00001411  UART0_IRQHandler              
000012cf  UART1_IRQHandler              
000012cf  UART2_IRQHandler              
000012cf  UART3_IRQHandler              
20208000  __STACK_END                   
00000200  __STACK_SIZE                  
00000000  __TI_ATRegion0_region_sz      
00000000  __TI_ATRegion0_src_addr       
00000000  __TI_ATRegion0_trg_addr       
00000000  __TI_ATRegion1_region_sz      
00000000  __TI_ATRegion1_src_addr       
00000000  __TI_ATRegion1_trg_addr       
00000000  __TI_ATRegion2_region_sz      
00000000  __TI_ATRegion2_src_addr       
00000000  __TI_ATRegion2_trg_addr       
000016a4  __TI_CINIT_Base               
000016b4  __TI_CINIT_Limit              
000016b4  __TI_CINIT_Warm               
00001688  __TI_Handler_Table_Base       
00001694  __TI_Handler_Table_Limit      
00001531  __TI_auto_init_nobinit_nopinit
000012d1  __TI_decompress_lzss          
0000161f  __TI_decompress_none          
ffffffff  __TI_pprof_out_hndl           
ffffffff  __TI_prof_data_size           
ffffffff  __TI_prof_data_start          
00000000  __TI_static_base__            
00001631  __TI_zero_init                
00001641  __aeabi_memclr                
00001641  __aeabi_memclr4               
00001641  __aeabi_memclr8               
00001661  __aeabi_memcpy                
00001661  __aeabi_memcpy4               
00001661  __aeabi_memcpy8               
ffffffff  __binit__                     
UNDEFED   __mpu_init                    
20207e00  __stack                       
20200000  __start___llvm_prf_bits       
20200000  __start___llvm_prf_cnts       
20200000  __stop___llvm_prf_bits        
20200000  __stop___llvm_prf_cnts        
000015d1  _c_int00_noargs               
UNDEFED   _system_post_cinit            
0000166d  _system_pre_init              
00001671  abort                         
ffffffff  binit                         
000014f5  delay_us                      
00000000  interruptVectors              
00001657  main                          
00001235  memcpy                        
0000134d  memset                        
20200480  recv0_buff                    
20200502  recv0_flag                    
20200500  recv0_length                  


GLOBAL SYMBOLS: SORTED BY Symbol Address 

address   name                          
-------   ----                          
00000000  __TI_ATRegion0_region_sz      
00000000  __TI_ATRegion0_src_addr       
00000000  __TI_ATRegion0_trg_addr       
00000000  __TI_ATRegion1_region_sz      
00000000  __TI_ATRegion1_src_addr       
00000000  __TI_ATRegion1_trg_addr       
00000000  __TI_ATRegion2_region_sz      
00000000  __TI_ATRegion2_src_addr       
00000000  __TI_ATRegion2_trg_addr       
00000000  __TI_static_base__            
00000000  interruptVectors              
000000c1  OLED_Clear                    
00000200  __STACK_SIZE                  
00000b51  OLED_WR_Byte                  
00000ee9  OLED_Refresh                  
00001235  memcpy                        
000012cf  ADC0_IRQHandler               
000012cf  ADC1_IRQHandler               
000012cf  AES_IRQHandler                
000012cf  CANFD0_IRQHandler             
000012cf  DAC0_IRQHandler               
000012cf  DMA_IRQHandler                
000012cf  Default_Handler               
000012cf  GROUP0_IRQHandler             
000012cf  GROUP1_IRQHandler             
000012cf  HardFault_Handler             
000012cf  I2C0_IRQHandler               
000012cf  I2C1_IRQHandler               
000012cf  NMI_Handler                   
000012cf  PendSV_Handler                
000012cf  RTC_IRQHandler                
000012cf  SPI0_IRQHandler               
000012cf  SPI1_IRQHandler               
000012cf  SVC_Handler                   
000012cf  SysTick_Handler               
000012cf  TIMA0_IRQHandler              
000012cf  TIMA1_IRQHandler              
000012cf  TIMG0_IRQHandler              
000012cf  TIMG12_IRQHandler             
000012cf  TIMG6_IRQHandler              
000012cf  TIMG7_IRQHandler              
000012cf  TIMG8_IRQHandler              
000012cf  UART1_IRQHandler              
000012cf  UART2_IRQHandler              
000012cf  UART3_IRQHandler              
000012d1  __TI_decompress_lzss          
0000134d  memset                        
000013b1  SYSCFG_DL_UART_0_init         
00001411  UART0_IRQHandler              
0000146d  DL_UART_init                  
000014b5  SYSCFG_DL_SYSCTL_init         
000014f5  delay_us                      
00001531  __TI_auto_init_nobinit_nopinit
0000156d  SYSCFG_DL_initPower           
000015a1  SYSCFG_DL_GPIO_init           
000015d1  _c_int00_noargs               
000015f9  SYSCFG_DL_init                
0000160d  DL_UART_setClockConfig        
0000161f  __TI_decompress_none          
00001631  __TI_zero_init                
00001641  __aeabi_memclr                
00001641  __aeabi_memclr4               
00001641  __aeabi_memclr8               
0000164d  DL_Common_delayCycles         
00001657  main                          
00001661  __aeabi_memcpy                
00001661  __aeabi_memcpy4               
00001661  __aeabi_memcpy8               
00001669  Reset_Handler                 
0000166d  _system_pre_init              
00001670  C$$EXIT                       
00001671  abort                         
00001688  __TI_Handler_Table_Base       
00001694  __TI_Handler_Table_Limit      
000016a4  __TI_CINIT_Base               
000016b4  __TI_CINIT_Limit              
000016b4  __TI_CINIT_Warm               
20200000  OLED_GRAM                     
20200000  __start___llvm_prf_bits       
20200000  __start___llvm_prf_cnts       
20200000  __stop___llvm_prf_bits        
20200000  __stop___llvm_prf_cnts        
20200480  recv0_buff                    
20200500  recv0_length                  
20200502  recv0_flag                    
20207e00  __stack                       
20208000  __STACK_END                   
ffffffff  __TI_pprof_out_hndl           
ffffffff  __TI_prof_data_size           
ffffffff  __TI_prof_data_start          
ffffffff  __binit__                     
ffffffff  binit                         
UNDEFED   __mpu_init                    
UNDEFED   _system_post_cinit            

[94 symbols]
